
AVRASM ver. 2.1.30  C:\Users\DELL\OneDrive\Documents\GitHub\MicroLab\List\ne.asm Wed Apr 07 10:54:49 2021

C:\Users\DELL\OneDrive\Documents\GitHub\MicroLab\List\ne.asm(1059): warning: Register r5 already defined by the .DEF directive
C:\Users\DELL\OneDrive\Documents\GitHub\MicroLab\List\ne.asm(1060): warning: Register r4 already defined by the .DEF directive
C:\Users\DELL\OneDrive\Documents\GitHub\MicroLab\List\ne.asm(1061): warning: Register r7 already defined by the .DEF directive
                 
                 
                 ;CodeVisionAVR C Compiler V2.05.0 Professional
                 ;(C) Copyright 1998-2010 Pavel Haiduc, HP InfoTech s.r.l.
                 ;http://www.hpinfotech.com
                 
                 ;Chip type                : ATmega32
                 ;Program type             : Application
                 ;Clock frequency          : 8.000000 MHz
                 ;Memory model             : Small
                 ;Optimize for             : Size
                 ;(s)printf features       : int, width
                 ;(s)scanf features        : int, width
                 ;External RAM size        : 0
                 ;Data Stack size          : 512 byte(s)
                 ;Heap size                : 0 byte(s)
                 ;Promote 'char' to 'int'  : Yes
                 ;'char' is unsigned       : Yes
                 ;8 bit enums              : Yes
                 ;global 'const' stored in FLASH: No
                 ;Enhanced core instructions    : On
                 ;Smart register allocation     : On
                 ;Automatic register allocation : On
                 
                 	#pragma AVRPART ADMIN PART_NAME ATmega32
                 	#pragma AVRPART MEMORY PROG_FLASH 32768
                 	#pragma AVRPART MEMORY EEPROM 1024
                 	#pragma AVRPART MEMORY INT_SRAM SIZE 2143
                 	#pragma AVRPART MEMORY INT_SRAM START_ADDR 0x60
                 
                 	#define CALL_SUPPORTED 1
                 
                 	.LISTMAC
                 	.EQU UDRE=0x5
                 	.EQU RXC=0x7
                 	.EQU USR=0xB
                 	.EQU UDR=0xC
                 	.EQU SPSR=0xE
                 	.EQU SPDR=0xF
                 	.EQU EERE=0x0
                 	.EQU EEWE=0x1
                 	.EQU EEMWE=0x2
                 	.EQU EECR=0x1C
                 	.EQU EEDR=0x1D
                 	.EQU EEARL=0x1E
                 	.EQU EEARH=0x1F
                 	.EQU WDTCR=0x21
                 	.EQU MCUCR=0x35
                 	.EQU GICR=0x3B
                 	.EQU SPL=0x3D
                 	.EQU SPH=0x3E
                 	.EQU SREG=0x3F
                 
                 	.DEF R0X0=R0
                 	.DEF R0X1=R1
                 	.DEF R0X2=R2
                 	.DEF R0X3=R3
                 	.DEF R0X4=R4
                 	.DEF R0X5=R5
                 	.DEF R0X6=R6
                 	.DEF R0X7=R7
                 	.DEF R0X8=R8
                 	.DEF R0X9=R9
                 	.DEF R0XA=R10
                 	.DEF R0XB=R11
                 	.DEF R0XC=R12
                 	.DEF R0XD=R13
                 	.DEF R0XE=R14
                 	.DEF R0XF=R15
                 	.DEF R0X10=R16
                 	.DEF R0X11=R17
                 	.DEF R0X12=R18
                 	.DEF R0X13=R19
                 	.DEF R0X14=R20
                 	.DEF R0X15=R21
                 	.DEF R0X16=R22
                 	.DEF R0X17=R23
                 	.DEF R0X18=R24
                 	.DEF R0X19=R25
                 	.DEF R0X1A=R26
                 	.DEF R0X1B=R27
                 	.DEF R0X1C=R28
                 	.DEF R0X1D=R29
                 	.DEF R0X1E=R30
                 	.DEF R0X1F=R31
                 
                 	.EQU __SRAM_START=0x0060
                 	.EQU __SRAM_END=0x085F
                 	.EQU __DSTACK_SIZE=0x0200
                 	.EQU __HEAP_SIZE=0x0000
                 	.EQU __CLEAR_SRAM_SIZE=__SRAM_END-__SRAM_START+1
                 
                 	.MACRO __CPD1N
                 	CPI  R30,LOW(@0)
                 	LDI  R26,HIGH(@0)
                 	CPC  R31,R26
                 	LDI  R26,BYTE3(@0)
                 	CPC  R22,R26
                 	LDI  R26,BYTE4(@0)
                 	CPC  R23,R26
                 	.ENDM
                 
                 	.MACRO __CPD2N
                 	CPI  R26,LOW(@0)
                 	LDI  R30,HIGH(@0)
                 	CPC  R27,R30
                 	LDI  R30,BYTE3(@0)
                 	CPC  R24,R30
                 	LDI  R30,BYTE4(@0)
                 	CPC  R25,R30
                 	.ENDM
                 
                 	.MACRO __CPWRR
                 	CP   R@0,R@2
                 	CPC  R@1,R@3
                 	.ENDM
                 
                 	.MACRO __CPWRN
                 	CPI  R@0,LOW(@2)
                 	LDI  R30,HIGH(@2)
                 	CPC  R@1,R30
                 	.ENDM
                 
                 	.MACRO __ADDB1MN
                 	SUBI R30,LOW(-@0-(@1))
                 	.ENDM
                 
                 	.MACRO __ADDB2MN
                 	SUBI R26,LOW(-@0-(@1))
                 	.ENDM
                 
                 	.MACRO __ADDW1MN
                 	SUBI R30,LOW(-@0-(@1))
                 	SBCI R31,HIGH(-@0-(@1))
                 	.ENDM
                 
                 	.MACRO __ADDW2MN
                 	SUBI R26,LOW(-@0-(@1))
                 	SBCI R27,HIGH(-@0-(@1))
                 	.ENDM
                 
                 	.MACRO __ADDW1FN
                 	SUBI R30,LOW(-2*@0-(@1))
                 	SBCI R31,HIGH(-2*@0-(@1))
                 	.ENDM
                 
                 	.MACRO __ADDD1FN
                 	SUBI R30,LOW(-2*@0-(@1))
                 	SBCI R31,HIGH(-2*@0-(@1))
                 	SBCI R22,BYTE3(-2*@0-(@1))
                 	.ENDM
                 
                 	.MACRO __ADDD1N
                 	SUBI R30,LOW(-@0)
                 	SBCI R31,HIGH(-@0)
                 	SBCI R22,BYTE3(-@0)
                 	SBCI R23,BYTE4(-@0)
                 	.ENDM
                 
                 	.MACRO __ADDD2N
                 	SUBI R26,LOW(-@0)
                 	SBCI R27,HIGH(-@0)
                 	SBCI R24,BYTE3(-@0)
                 	SBCI R25,BYTE4(-@0)
                 	.ENDM
                 
                 	.MACRO __SUBD1N
                 	SUBI R30,LOW(@0)
                 	SBCI R31,HIGH(@0)
                 	SBCI R22,BYTE3(@0)
                 	SBCI R23,BYTE4(@0)
                 	.ENDM
                 
                 	.MACRO __SUBD2N
                 	SUBI R26,LOW(@0)
                 	SBCI R27,HIGH(@0)
                 	SBCI R24,BYTE3(@0)
                 	SBCI R25,BYTE4(@0)
                 	.ENDM
                 
                 	.MACRO __ANDBMNN
                 	LDS  R30,@0+(@1)
                 	ANDI R30,LOW(@2)
                 	STS  @0+(@1),R30
                 	.ENDM
                 
                 	.MACRO __ANDWMNN
                 	LDS  R30,@0+(@1)
                 	ANDI R30,LOW(@2)
                 	STS  @0+(@1),R30
                 	LDS  R30,@0+(@1)+1
                 	ANDI R30,HIGH(@2)
                 	STS  @0+(@1)+1,R30
                 	.ENDM
                 
                 	.MACRO __ANDD1N
                 	ANDI R30,LOW(@0)
                 	ANDI R31,HIGH(@0)
                 	ANDI R22,BYTE3(@0)
                 	ANDI R23,BYTE4(@0)
                 	.ENDM
                 
                 	.MACRO __ANDD2N
                 	ANDI R26,LOW(@0)
                 	ANDI R27,HIGH(@0)
                 	ANDI R24,BYTE3(@0)
                 	ANDI R25,BYTE4(@0)
                 	.ENDM
                 
                 	.MACRO __ORBMNN
                 	LDS  R30,@0+(@1)
                 	ORI  R30,LOW(@2)
                 	STS  @0+(@1),R30
                 	.ENDM
                 
                 	.MACRO __ORWMNN
                 	LDS  R30,@0+(@1)
                 	ORI  R30,LOW(@2)
                 	STS  @0+(@1),R30
                 	LDS  R30,@0+(@1)+1
                 	ORI  R30,HIGH(@2)
                 	STS  @0+(@1)+1,R30
                 	.ENDM
                 
                 	.MACRO __ORD1N
                 	ORI  R30,LOW(@0)
                 	ORI  R31,HIGH(@0)
                 	ORI  R22,BYTE3(@0)
                 	ORI  R23,BYTE4(@0)
                 	.ENDM
                 
                 	.MACRO __ORD2N
                 	ORI  R26,LOW(@0)
                 	ORI  R27,HIGH(@0)
                 	ORI  R24,BYTE3(@0)
                 	ORI  R25,BYTE4(@0)
                 	.ENDM
                 
                 	.MACRO __DELAY_USB
                 	LDI  R24,LOW(@0)
                 __DELAY_USB_LOOP:
                 	DEC  R24
                 	BRNE __DELAY_USB_LOOP
                 	.ENDM
                 
                 	.MACRO __DELAY_USW
                 	LDI  R24,LOW(@0)
                 	LDI  R25,HIGH(@0)
                 __DELAY_USW_LOOP:
                 	SBIW R24,1
                 	BRNE __DELAY_USW_LOOP
                 	.ENDM
                 
                 	.MACRO __GETD1S
                 	LDD  R30,Y+@0
                 	LDD  R31,Y+@0+1
                 	LDD  R22,Y+@0+2
                 	LDD  R23,Y+@0+3
                 	.ENDM
                 
                 	.MACRO __GETD2S
                 	LDD  R26,Y+@0
                 	LDD  R27,Y+@0+1
                 	LDD  R24,Y+@0+2
                 	LDD  R25,Y+@0+3
                 	.ENDM
                 
                 	.MACRO __PUTD1S
                 	STD  Y+@0,R30
                 	STD  Y+@0+1,R31
                 	STD  Y+@0+2,R22
                 	STD  Y+@0+3,R23
                 	.ENDM
                 
                 	.MACRO __PUTD2S
                 	STD  Y+@0,R26
                 	STD  Y+@0+1,R27
                 	STD  Y+@0+2,R24
                 	STD  Y+@0+3,R25
                 	.ENDM
                 
                 	.MACRO __PUTDZ2
                 	STD  Z+@0,R26
                 	STD  Z+@0+1,R27
                 	STD  Z+@0+2,R24
                 	STD  Z+@0+3,R25
                 	.ENDM
                 
                 	.MACRO __CLRD1S
                 	STD  Y+@0,R30
                 	STD  Y+@0+1,R30
                 	STD  Y+@0+2,R30
                 	STD  Y+@0+3,R30
                 	.ENDM
                 
                 	.MACRO __POINTB1MN
                 	LDI  R30,LOW(@0+(@1))
                 	.ENDM
                 
                 	.MACRO __POINTW1MN
                 	LDI  R30,LOW(@0+(@1))
                 	LDI  R31,HIGH(@0+(@1))
                 	.ENDM
                 
                 	.MACRO __POINTD1M
                 	LDI  R30,LOW(@0)
                 	LDI  R31,HIGH(@0)
                 	LDI  R22,BYTE3(@0)
                 	LDI  R23,BYTE4(@0)
                 	.ENDM
                 
                 	.MACRO __POINTW1FN
                 	LDI  R30,LOW(2*@0+(@1))
                 	LDI  R31,HIGH(2*@0+(@1))
                 	.ENDM
                 
                 	.MACRO __POINTD1FN
                 	LDI  R30,LOW(2*@0+(@1))
                 	LDI  R31,HIGH(2*@0+(@1))
                 	LDI  R22,BYTE3(2*@0+(@1))
                 	LDI  R23,BYTE4(2*@0+(@1))
                 	.ENDM
                 
                 	.MACRO __POINTB2MN
                 	LDI  R26,LOW(@0+(@1))
                 	.ENDM
                 
                 	.MACRO __POINTW2MN
                 	LDI  R26,LOW(@0+(@1))
                 	LDI  R27,HIGH(@0+(@1))
                 	.ENDM
                 
                 	.MACRO __POINTBRM
                 	LDI  R@0,LOW(@1)
                 	.ENDM
                 
                 	.MACRO __POINTWRM
                 	LDI  R@0,LOW(@2)
                 	LDI  R@1,HIGH(@2)
                 	.ENDM
                 
                 	.MACRO __POINTBRMN
                 	LDI  R@0,LOW(@1+(@2))
                 	.ENDM
                 
                 	.MACRO __POINTWRMN
                 	LDI  R@0,LOW(@2+(@3))
                 	LDI  R@1,HIGH(@2+(@3))
                 	.ENDM
                 
                 	.MACRO __POINTWRFN
                 	LDI  R@0,LOW(@2*2+(@3))
                 	LDI  R@1,HIGH(@2*2+(@3))
                 	.ENDM
                 
                 	.MACRO __GETD1N
                 	LDI  R30,LOW(@0)
                 	LDI  R31,HIGH(@0)
                 	LDI  R22,BYTE3(@0)
                 	LDI  R23,BYTE4(@0)
                 	.ENDM
                 
                 	.MACRO __GETD2N
                 	LDI  R26,LOW(@0)
                 	LDI  R27,HIGH(@0)
                 	LDI  R24,BYTE3(@0)
                 	LDI  R25,BYTE4(@0)
                 	.ENDM
                 
                 	.MACRO __GETB1MN
                 	LDS  R30,@0+(@1)
                 	.ENDM
                 
                 	.MACRO __GETB1HMN
                 	LDS  R31,@0+(@1)
                 	.ENDM
                 
                 	.MACRO __GETW1MN
                 	LDS  R30,@0+(@1)
                 	LDS  R31,@0+(@1)+1
                 	.ENDM
                 
                 	.MACRO __GETD1MN
                 	LDS  R30,@0+(@1)
                 	LDS  R31,@0+(@1)+1
                 	LDS  R22,@0+(@1)+2
                 	LDS  R23,@0+(@1)+3
                 	.ENDM
                 
                 	.MACRO __GETBRMN
                 	LDS  R@0,@1+(@2)
                 	.ENDM
                 
                 	.MACRO __GETWRMN
                 	LDS  R@0,@2+(@3)
                 	LDS  R@1,@2+(@3)+1
                 	.ENDM
                 
                 	.MACRO __GETWRZ
                 	LDD  R@0,Z+@2
                 	LDD  R@1,Z+@2+1
                 	.ENDM
                 
                 	.MACRO __GETD2Z
                 	LDD  R26,Z+@0
                 	LDD  R27,Z+@0+1
                 	LDD  R24,Z+@0+2
                 	LDD  R25,Z+@0+3
                 	.ENDM
                 
                 	.MACRO __GETB2MN
                 	LDS  R26,@0+(@1)
                 	.ENDM
                 
                 	.MACRO __GETW2MN
                 	LDS  R26,@0+(@1)
                 	LDS  R27,@0+(@1)+1
                 	.ENDM
                 
                 	.MACRO __GETD2MN
                 	LDS  R26,@0+(@1)
                 	LDS  R27,@0+(@1)+1
                 	LDS  R24,@0+(@1)+2
                 	LDS  R25,@0+(@1)+3
                 	.ENDM
                 
                 	.MACRO __PUTB1MN
                 	STS  @0+(@1),R30
                 	.ENDM
                 
                 	.MACRO __PUTW1MN
                 	STS  @0+(@1),R30
                 	STS  @0+(@1)+1,R31
                 	.ENDM
                 
                 	.MACRO __PUTD1MN
                 	STS  @0+(@1),R30
                 	STS  @0+(@1)+1,R31
                 	STS  @0+(@1)+2,R22
                 	STS  @0+(@1)+3,R23
                 	.ENDM
                 
                 	.MACRO __PUTB1EN
                 	LDI  R26,LOW(@0+(@1))
                 	LDI  R27,HIGH(@0+(@1))
                 	CALL __EEPROMWRB
                 	.ENDM
                 
                 	.MACRO __PUTW1EN
                 	LDI  R26,LOW(@0+(@1))
                 	LDI  R27,HIGH(@0+(@1))
                 	CALL __EEPROMWRW
                 	.ENDM
                 
                 	.MACRO __PUTD1EN
                 	LDI  R26,LOW(@0+(@1))
                 	LDI  R27,HIGH(@0+(@1))
                 	CALL __EEPROMWRD
                 	.ENDM
                 
                 	.MACRO __PUTBR0MN
                 	STS  @0+(@1),R0
                 	.ENDM
                 
                 	.MACRO __PUTBMRN
                 	STS  @0+(@1),R@2
                 	.ENDM
                 
                 	.MACRO __PUTWMRN
                 	STS  @0+(@1),R@2
                 	STS  @0+(@1)+1,R@3
                 	.ENDM
                 
                 	.MACRO __PUTBZR
                 	STD  Z+@1,R@0
                 	.ENDM
                 
                 	.MACRO __PUTWZR
                 	STD  Z+@2,R@0
                 	STD  Z+@2+1,R@1
                 	.ENDM
                 
                 	.MACRO __GETW1R
                 	MOV  R30,R@0
                 	MOV  R31,R@1
                 	.ENDM
                 
                 	.MACRO __GETW2R
                 	MOV  R26,R@0
                 	MOV  R27,R@1
                 	.ENDM
                 
                 	.MACRO __GETWRN
                 	LDI  R@0,LOW(@2)
                 	LDI  R@1,HIGH(@2)
                 	.ENDM
                 
                 	.MACRO __PUTW1R
                 	MOV  R@0,R30
                 	MOV  R@1,R31
                 	.ENDM
                 
                 	.MACRO __PUTW2R
                 	MOV  R@0,R26
                 	MOV  R@1,R27
                 	.ENDM
                 
                 	.MACRO __ADDWRN
                 	SUBI R@0,LOW(-@2)
                 	SBCI R@1,HIGH(-@2)
                 	.ENDM
                 
                 	.MACRO __ADDWRR
                 	ADD  R@0,R@2
                 	ADC  R@1,R@3
                 	.ENDM
                 
                 	.MACRO __SUBWRN
                 	SUBI R@0,LOW(@2)
                 	SBCI R@1,HIGH(@2)
                 	.ENDM
                 
                 	.MACRO __SUBWRR
                 	SUB  R@0,R@2
                 	SBC  R@1,R@3
                 	.ENDM
                 
                 	.MACRO __ANDWRN
                 	ANDI R@0,LOW(@2)
                 	ANDI R@1,HIGH(@2)
                 	.ENDM
                 
                 	.MACRO __ANDWRR
                 	AND  R@0,R@2
                 	AND  R@1,R@3
                 	.ENDM
                 
                 	.MACRO __ORWRN
                 	ORI  R@0,LOW(@2)
                 	ORI  R@1,HIGH(@2)
                 	.ENDM
                 
                 	.MACRO __ORWRR
                 	OR   R@0,R@2
                 	OR   R@1,R@3
                 	.ENDM
                 
                 	.MACRO __EORWRR
                 	EOR  R@0,R@2
                 	EOR  R@1,R@3
                 	.ENDM
                 
                 	.MACRO __GETWRS
                 	LDD  R@0,Y+@2
                 	LDD  R@1,Y+@2+1
                 	.ENDM
                 
                 	.MACRO __PUTBSR
                 	STD  Y+@1,R@0
                 	.ENDM
                 
                 	.MACRO __PUTWSR
                 	STD  Y+@2,R@0
                 	STD  Y+@2+1,R@1
                 	.ENDM
                 
                 	.MACRO __MOVEWRR
                 	MOV  R@0,R@2
                 	MOV  R@1,R@3
                 	.ENDM
                 
                 	.MACRO __INWR
                 	IN   R@0,@2
                 	IN   R@1,@2+1
                 	.ENDM
                 
                 	.MACRO __OUTWR
                 	OUT  @2+1,R@1
                 	OUT  @2,R@0
                 	.ENDM
                 
                 	.MACRO __CALL1MN
                 	LDS  R30,@0+(@1)
                 	LDS  R31,@0+(@1)+1
                 	ICALL
                 	.ENDM
                 
                 	.MACRO __CALL1FN
                 	LDI  R30,LOW(2*@0+(@1))
                 	LDI  R31,HIGH(2*@0+(@1))
                 	CALL __GETW1PF
                 	ICALL
                 	.ENDM
                 
                 	.MACRO __CALL2EN
                 	LDI  R26,LOW(@0+(@1))
                 	LDI  R27,HIGH(@0+(@1))
                 	CALL __EEPROMRDW
                 	ICALL
                 	.ENDM
                 
                 	.MACRO __GETW1STACK
                 	IN   R26,SPL
                 	IN   R27,SPH
                 	ADIW R26,@0+1
                 	LD   R30,X+
                 	LD   R31,X
                 	.ENDM
                 
                 	.MACRO __GETD1STACK
                 	IN   R26,SPL
                 	IN   R27,SPH
                 	ADIW R26,@0+1
                 	LD   R30,X+
                 	LD   R31,X+
                 	LD   R22,X
                 	.ENDM
                 
                 	.MACRO __NBST
                 	BST  R@0,@1
                 	IN   R30,SREG
                 	LDI  R31,0x40
                 	EOR  R30,R31
                 	OUT  SREG,R30
                 	.ENDM
                 
                 
                 	.MACRO __PUTB1SN
                 	LDD  R26,Y+@0
                 	LDD  R27,Y+@0+1
                 	SUBI R26,LOW(-@1)
                 	SBCI R27,HIGH(-@1)
                 	ST   X,R30
                 	.ENDM
                 
                 	.MACRO __PUTW1SN
                 	LDD  R26,Y+@0
                 	LDD  R27,Y+@0+1
                 	SUBI R26,LOW(-@1)
                 	SBCI R27,HIGH(-@1)
                 	ST   X+,R30
                 	ST   X,R31
                 	.ENDM
                 
                 	.MACRO __PUTD1SN
                 	LDD  R26,Y+@0
                 	LDD  R27,Y+@0+1
                 	SUBI R26,LOW(-@1)
                 	SBCI R27,HIGH(-@1)
                 	CALL __PUTDP1
                 	.ENDM
                 
                 	.MACRO __PUTB1SNS
                 	LDD  R26,Y+@0
                 	LDD  R27,Y+@0+1
                 	ADIW R26,@1
                 	ST   X,R30
                 	.ENDM
                 
                 	.MACRO __PUTW1SNS
                 	LDD  R26,Y+@0
                 	LDD  R27,Y+@0+1
                 	ADIW R26,@1
                 	ST   X+,R30
                 	ST   X,R31
                 	.ENDM
                 
                 	.MACRO __PUTD1SNS
                 	LDD  R26,Y+@0
                 	LDD  R27,Y+@0+1
                 	ADIW R26,@1
                 	CALL __PUTDP1
                 	.ENDM
                 
                 	.MACRO __PUTB1PMN
                 	LDS  R26,@0
                 	LDS  R27,@0+1
                 	SUBI R26,LOW(-@1)
                 	SBCI R27,HIGH(-@1)
                 	ST   X,R30
                 	.ENDM
                 
                 	.MACRO __PUTW1PMN
                 	LDS  R26,@0
                 	LDS  R27,@0+1
                 	SUBI R26,LOW(-@1)
                 	SBCI R27,HIGH(-@1)
                 	ST   X+,R30
                 	ST   X,R31
                 	.ENDM
                 
                 	.MACRO __PUTD1PMN
                 	LDS  R26,@0
                 	LDS  R27,@0+1
                 	SUBI R26,LOW(-@1)
                 	SBCI R27,HIGH(-@1)
                 	CALL __PUTDP1
                 	.ENDM
                 
                 	.MACRO __PUTB1PMNS
                 	LDS  R26,@0
                 	LDS  R27,@0+1
                 	ADIW R26,@1
                 	ST   X,R30
                 	.ENDM
                 
                 	.MACRO __PUTW1PMNS
                 	LDS  R26,@0
                 	LDS  R27,@0+1
                 	ADIW R26,@1
                 	ST   X+,R30
                 	ST   X,R31
                 	.ENDM
                 
                 	.MACRO __PUTD1PMNS
                 	LDS  R26,@0
                 	LDS  R27,@0+1
                 	ADIW R26,@1
                 	CALL __PUTDP1
                 	.ENDM
                 
                 	.MACRO __PUTB1RN
                 	MOVW R26,R@0
                 	SUBI R26,LOW(-@1)
                 	SBCI R27,HIGH(-@1)
                 	ST   X,R30
                 	.ENDM
                 
                 	.MACRO __PUTW1RN
                 	MOVW R26,R@0
                 	SUBI R26,LOW(-@1)
                 	SBCI R27,HIGH(-@1)
                 	ST   X+,R30
                 	ST   X,R31
                 	.ENDM
                 
                 	.MACRO __PUTD1RN
                 	MOVW R26,R@0
                 	SUBI R26,LOW(-@1)
                 	SBCI R27,HIGH(-@1)
                 	CALL __PUTDP1
                 	.ENDM
                 
                 	.MACRO __PUTB1RNS
                 	MOVW R26,R@0
                 	ADIW R26,@1
                 	ST   X,R30
                 	.ENDM
                 
                 	.MACRO __PUTW1RNS
                 	MOVW R26,R@0
                 	ADIW R26,@1
                 	ST   X+,R30
                 	ST   X,R31
                 	.ENDM
                 
                 	.MACRO __PUTD1RNS
                 	MOVW R26,R@0
                 	ADIW R26,@1
                 	CALL __PUTDP1
                 	.ENDM
                 
                 	.MACRO __PUTB1RON
                 	MOV  R26,R@0
                 	MOV  R27,R@1
                 	SUBI R26,LOW(-@2)
                 	SBCI R27,HIGH(-@2)
                 	ST   X,R30
                 	.ENDM
                 
                 	.MACRO __PUTW1RON
                 	MOV  R26,R@0
                 	MOV  R27,R@1
                 	SUBI R26,LOW(-@2)
                 	SBCI R27,HIGH(-@2)
                 	ST   X+,R30
                 	ST   X,R31
                 	.ENDM
                 
                 	.MACRO __PUTD1RON
                 	MOV  R26,R@0
                 	MOV  R27,R@1
                 	SUBI R26,LOW(-@2)
                 	SBCI R27,HIGH(-@2)
                 	CALL __PUTDP1
                 	.ENDM
                 
                 	.MACRO __PUTB1RONS
                 	MOV  R26,R@0
                 	MOV  R27,R@1
                 	ADIW R26,@2
                 	ST   X,R30
                 	.ENDM
                 
                 	.MACRO __PUTW1RONS
                 	MOV  R26,R@0
                 	MOV  R27,R@1
                 	ADIW R26,@2
                 	ST   X+,R30
                 	ST   X,R31
                 	.ENDM
                 
                 	.MACRO __PUTD1RONS
                 	MOV  R26,R@0
                 	MOV  R27,R@1
                 	ADIW R26,@2
                 	CALL __PUTDP1
                 	.ENDM
                 
                 
                 	.MACRO __GETB1SX
                 	MOVW R30,R28
                 	SUBI R30,LOW(-@0)
                 	SBCI R31,HIGH(-@0)
                 	LD   R30,Z
                 	.ENDM
                 
                 	.MACRO __GETB1HSX
                 	MOVW R30,R28
                 	SUBI R30,LOW(-@0)
                 	SBCI R31,HIGH(-@0)
                 	LD   R31,Z
                 	.ENDM
                 
                 	.MACRO __GETW1SX
                 	MOVW R30,R28
                 	SUBI R30,LOW(-@0)
                 	SBCI R31,HIGH(-@0)
                 	LD   R0,Z+
                 	LD   R31,Z
                 	MOV  R30,R0
                 	.ENDM
                 
                 	.MACRO __GETD1SX
                 	MOVW R30,R28
                 	SUBI R30,LOW(-@0)
                 	SBCI R31,HIGH(-@0)
                 	LD   R0,Z+
                 	LD   R1,Z+
                 	LD   R22,Z+
                 	LD   R23,Z
                 	MOVW R30,R0
                 	.ENDM
                 
                 	.MACRO __GETB2SX
                 	MOVW R26,R28
                 	SUBI R26,LOW(-@0)
                 	SBCI R27,HIGH(-@0)
                 	LD   R26,X
                 	.ENDM
                 
                 	.MACRO __GETW2SX
                 	MOVW R26,R28
                 	SUBI R26,LOW(-@0)
                 	SBCI R27,HIGH(-@0)
                 	LD   R0,X+
                 	LD   R27,X
                 	MOV  R26,R0
                 	.ENDM
                 
                 	.MACRO __GETD2SX
                 	MOVW R26,R28
                 	SUBI R26,LOW(-@0)
                 	SBCI R27,HIGH(-@0)
                 	LD   R0,X+
                 	LD   R1,X+
                 	LD   R24,X+
                 	LD   R25,X
                 	MOVW R26,R0
                 	.ENDM
                 
                 	.MACRO __GETBRSX
                 	MOVW R30,R28
                 	SUBI R30,LOW(-@1)
                 	SBCI R31,HIGH(-@1)
                 	LD   R@0,Z
                 	.ENDM
                 
                 	.MACRO __GETWRSX
                 	MOVW R30,R28
                 	SUBI R30,LOW(-@2)
                 	SBCI R31,HIGH(-@2)
                 	LD   R@0,Z+
                 	LD   R@1,Z
                 	.ENDM
                 
                 	.MACRO __GETBRSX2
                 	MOVW R26,R28
                 	SUBI R26,LOW(-@1)
                 	SBCI R27,HIGH(-@1)
                 	LD   R@0,X
                 	.ENDM
                 
                 	.MACRO __GETWRSX2
                 	MOVW R26,R28
                 	SUBI R26,LOW(-@2)
                 	SBCI R27,HIGH(-@2)
                 	LD   R@0,X+
                 	LD   R@1,X
                 	.ENDM
                 
                 	.MACRO __LSLW8SX
                 	MOVW R30,R28
                 	SUBI R30,LOW(-@0)
                 	SBCI R31,HIGH(-@0)
                 	LD   R31,Z
                 	CLR  R30
                 	.ENDM
                 
                 	.MACRO __PUTB1SX
                 	MOVW R26,R28
                 	SUBI R26,LOW(-@0)
                 	SBCI R27,HIGH(-@0)
                 	ST   X,R30
                 	.ENDM
                 
                 	.MACRO __PUTW1SX
                 	MOVW R26,R28
                 	SUBI R26,LOW(-@0)
                 	SBCI R27,HIGH(-@0)
                 	ST   X+,R30
                 	ST   X,R31
                 	.ENDM
                 
                 	.MACRO __PUTD1SX
                 	MOVW R26,R28
                 	SUBI R26,LOW(-@0)
                 	SBCI R27,HIGH(-@0)
                 	ST   X+,R30
                 	ST   X+,R31
                 	ST   X+,R22
                 	ST   X,R23
                 	.ENDM
                 
                 	.MACRO __CLRW1SX
                 	MOVW R26,R28
                 	SUBI R26,LOW(-@0)
                 	SBCI R27,HIGH(-@0)
                 	ST   X+,R30
                 	ST   X,R30
                 	.ENDM
                 
                 	.MACRO __CLRD1SX
                 	MOVW R26,R28
                 	SUBI R26,LOW(-@0)
                 	SBCI R27,HIGH(-@0)
                 	ST   X+,R30
                 	ST   X+,R30
                 	ST   X+,R30
                 	ST   X,R30
                 	.ENDM
                 
                 	.MACRO __PUTB2SX
                 	MOVW R30,R28
                 	SUBI R30,LOW(-@0)
                 	SBCI R31,HIGH(-@0)
                 	ST   Z,R26
                 	.ENDM
                 
                 	.MACRO __PUTW2SX
                 	MOVW R30,R28
                 	SUBI R30,LOW(-@0)
                 	SBCI R31,HIGH(-@0)
                 	ST   Z+,R26
                 	ST   Z,R27
                 	.ENDM
                 
                 	.MACRO __PUTD2SX
                 	MOVW R30,R28
                 	SUBI R30,LOW(-@0)
                 	SBCI R31,HIGH(-@0)
                 	ST   Z+,R26
                 	ST   Z+,R27
                 	ST   Z+,R24
                 	ST   Z,R25
                 	.ENDM
                 
                 	.MACRO __PUTBSRX
                 	MOVW R30,R28
                 	SUBI R30,LOW(-@1)
                 	SBCI R31,HIGH(-@1)
                 	ST   Z,R@0
                 	.ENDM
                 
                 	.MACRO __PUTWSRX
                 	MOVW R30,R28
                 	SUBI R30,LOW(-@2)
                 	SBCI R31,HIGH(-@2)
                 	ST   Z+,R@0
                 	ST   Z,R@1
                 	.ENDM
                 
                 	.MACRO __PUTB1SNX
                 	MOVW R26,R28
                 	SUBI R26,LOW(-@0)
                 	SBCI R27,HIGH(-@0)
                 	LD   R0,X+
                 	LD   R27,X
                 	MOV  R26,R0
                 	SUBI R26,LOW(-@1)
                 	SBCI R27,HIGH(-@1)
                 	ST   X,R30
                 	.ENDM
                 
                 	.MACRO __PUTW1SNX
                 	MOVW R26,R28
                 	SUBI R26,LOW(-@0)
                 	SBCI R27,HIGH(-@0)
                 	LD   R0,X+
                 	LD   R27,X
                 	MOV  R26,R0
                 	SUBI R26,LOW(-@1)
                 	SBCI R27,HIGH(-@1)
                 	ST   X+,R30
                 	ST   X,R31
                 	.ENDM
                 
                 	.MACRO __PUTD1SNX
                 	MOVW R26,R28
                 	SUBI R26,LOW(-@0)
                 	SBCI R27,HIGH(-@0)
                 	LD   R0,X+
                 	LD   R27,X
                 	MOV  R26,R0
                 	SUBI R26,LOW(-@1)
                 	SBCI R27,HIGH(-@1)
                 	ST   X+,R30
                 	ST   X+,R31
                 	ST   X+,R22
                 	ST   X,R23
                 	.ENDM
                 
                 	.MACRO __MULBRR
                 	MULS R@0,R@1
                 	MOVW R30,R0
                 	.ENDM
                 
                 	.MACRO __MULBRRU
                 	MUL  R@0,R@1
                 	MOVW R30,R0
                 	.ENDM
                 
                 	.MACRO __MULBRR0
                 	MULS R@0,R@1
                 	.ENDM
                 
                 	.MACRO __MULBRRU0
                 	MUL  R@0,R@1
                 	.ENDM
                 
                 	.MACRO __MULBNWRU
                 	LDI  R26,@2
                 	MUL  R26,R@0
                 	MOVW R30,R0
                 	MUL  R26,R@1
                 	ADD  R31,R0
                 	.ENDM
                 
                 ;NAME DEFINITIONS FOR GLOBAL VARIABLES ALLOCATED TO REGISTERS
                 	.DEF __lcd_x=R5
                 	.DEF __lcd_y=R4
                 	.DEF __lcd_maxx=R7
                 
                 	.CSEG
                 	.ORG 0x00
                 
                 ;START OF CODE MARKER
                 __START_OF_CODE:
                 
                 ;INTERRUPT VECTORS
000000 940c 0041 	JMP  __RESET
000002 940c 0000 	JMP  0x00
000004 940c 0000 	JMP  0x00
000006 940c 0000 	JMP  0x00
000008 940c 0000 	JMP  0x00
00000a 940c 0000 	JMP  0x00
00000c 940c 0000 	JMP  0x00
00000e 940c 0000 	JMP  0x00
000010 940c 0000 	JMP  0x00
000012 940c 0000 	JMP  0x00
000014 940c 0000 	JMP  0x00
000016 940c 0000 	JMP  0x00
000018 940c 0000 	JMP  0x00
00001a 940c 0000 	JMP  0x00
00001c 940c 0000 	JMP  0x00
00001e 940c 0000 	JMP  0x00
000020 940c 0000 	JMP  0x00
000022 940c 0000 	JMP  0x00
000024 940c 0000 	JMP  0x00
000026 940c 0000 	JMP  0x00
000028 940c 0000 	JMP  0x00
                 
                 _0x3:
00002a 003f
00002b 0086
00002c 00db
00002d 00cf      	.DB  0x3F,0x0,0x86,0x0,0xDB,0x0,0xCF,0x0
00002e 00e6
00002f 00ed
000030 00fd
000031 0087      	.DB  0xE6,0x0,0xED,0x0,0xFD,0x0,0x87,0x0
000032 00ff
000033 00ef
000034 0001
000035 0002      	.DB  0xFF,0x0,0xEF,0x0,0x1,0x0,0x2,0x0
000036 0004
000037 0008
000038 0010
000039 0020      	.DB  0x4,0x0,0x8,0x0,0x10,0x0,0x20,0x0
00003a 0040
00003b 0080      	.DB  0x40,0x0,0x80,0x0
                 _0x2000003:
00003c c080      	.DB  0x80,0xC0
                 
                 __GLOBAL_INI_TBL:
00003d 0002      	.DW  0x02
00003e 0260      	.DW  __base_y_G100
00003f 0078      	.DW  _0x2000003*2
                 
                 _0xFFFFFFFF:
000040 0000      	.DW  0
                 
                 __RESET:
000041 94f8      	CLI
000042 27ee      	CLR  R30
000043 bbec      	OUT  EECR,R30
                 
                 ;INTERRUPT VECTORS ARE PLACED
                 ;AT THE START OF FLASH
000044 e0f1      	LDI  R31,1
000045 bffb      	OUT  GICR,R31
000046 bfeb      	OUT  GICR,R30
000047 bfe5      	OUT  MCUCR,R30
                 
                 ;DISABLE WATCHDOG
000048 e1f8      	LDI  R31,0x18
000049 bdf1      	OUT  WDTCR,R31
00004a bde1      	OUT  WDTCR,R30
                 
                 ;CLEAR R2-R14
00004b e08d      	LDI  R24,(14-2)+1
00004c e0a2      	LDI  R26,2
00004d 27bb      	CLR  R27
                 __CLEAR_REG:
00004e 93ed      	ST   X+,R30
00004f 958a      	DEC  R24
000050 f7e9      	BRNE __CLEAR_REG
                 
                 ;CLEAR SRAM
000051 e080      	LDI  R24,LOW(__CLEAR_SRAM_SIZE)
000052 e098      	LDI  R25,HIGH(__CLEAR_SRAM_SIZE)
000053 e6a0      	LDI  R26,__SRAM_START
                 __CLEAR_SRAM:
000054 93ed      	ST   X+,R30
000055 9701      	SBIW R24,1
000056 f7e9      	BRNE __CLEAR_SRAM
                 
                 ;GLOBAL VARIABLES INITIALIZATION
000057 e7ea      	LDI  R30,LOW(__GLOBAL_INI_TBL*2)
000058 e0f0      	LDI  R31,HIGH(__GLOBAL_INI_TBL*2)
                 __GLOBAL_INI_NEXT:
000059 9185      	LPM  R24,Z+
00005a 9195      	LPM  R25,Z+
00005b 9700      	SBIW R24,0
00005c f061      	BREQ __GLOBAL_INI_END
00005d 91a5      	LPM  R26,Z+
00005e 91b5      	LPM  R27,Z+
00005f 9005      	LPM  R0,Z+
000060 9015      	LPM  R1,Z+
000061 01bf      	MOVW R22,R30
000062 01f0      	MOVW R30,R0
                 __GLOBAL_INI_LOOP:
000063 9005      	LPM  R0,Z+
000064 920d      	ST   X+,R0
000065 9701      	SBIW R24,1
000066 f7e1      	BRNE __GLOBAL_INI_LOOP
000067 01fb      	MOVW R30,R22
000068 cff0      	RJMP __GLOBAL_INI_NEXT
                 __GLOBAL_INI_END:
                 
                 ;HARDWARE STACK POINTER INITIALIZATION
000069 e5ef      	LDI  R30,LOW(__SRAM_END-__HEAP_SIZE)
00006a bfed      	OUT  SPL,R30
00006b e0e8      	LDI  R30,HIGH(__SRAM_END-__HEAP_SIZE)
00006c bfee      	OUT  SPH,R30
                 
                 ;DATA STACK POINTER INITIALIZATION
00006d e6c0      	LDI  R28,LOW(__SRAM_START+__DSTACK_SIZE)
00006e e0d2      	LDI  R29,HIGH(__SRAM_START+__DSTACK_SIZE)
                 
00006f 940c 0071 	JMP  _main
                 
                 	.ESEG
                 	.ORG 0
                 
                 	.DSEG
                 	.ORG 0x260
                 
                 	.CSEG
                 ;/*****************************************************
                 ;This program was produced by the
                 ;CodeWizardAVR V2.05.0 Professional
                 ;Automatic Program Generator
                 ;© Copyright 1998-2010 Pavel Haiduc, HP InfoTech s.r.l.
                 ;http://www.hpinfotech.com
                 ;
                 ;Project :
                 ;Version :
                 ;Date    : 4/7/2021
                 ;Author  :
                 ;Company :
                 ;Comments:
                 ;
                 ;
                 ;Chip type               : ATmega32
                 ;Program type            : Application
                 ;AVR Core Clock frequency: 8.000000 MHz
                 ;Memory model            : Small
                 ;External RAM size       : 0
                 ;Data Stack size         : 512
                 ;*****************************************************/
                 ;
                 ;#include <mega32.h>
                 	#ifndef __SLEEP_DEFINED__
                 	#define __SLEEP_DEFINED__
                 	.EQU __se_bit=0x80
                 	.EQU __sm_mask=0x70
                 	.EQU __sm_powerdown=0x20
                 	.EQU __sm_powersave=0x30
                 	.EQU __sm_standby=0x60
                 	.EQU __sm_ext_standby=0x70
                 	.EQU __sm_adc_noise_red=0x10
                 	.SET power_ctrl_reg=mcucr
                 	#endif
                 ;
                 ;// Alphanumeric LCD Module functions
                 ;#include <alcd.h>
                 ;#include<delay.h>
                 ;
                 ;// Declare your global variables here
                 ;
                 ;void main(void)
                 ; 0000 0021 {
                 
                 	.CSEG
                 _main:
                 ; 0000 0022 // Declare your local variables here
                 ; 0000 0023 int arr[8]={0b00000001,0b00000010,
                 ; 0000 0024 0b00000100,0b00001000,
                 ; 0000 0025 0b00010000,0b00100000,0b01000000,0b10000000};
                 ; 0000 0026 int arr1[10]={0b00111111,0b10000110,0b11011011,0b11001111,0b11100110,0b11101101,0b11111101,0b10000111,0b11111111,0b11101111};
                 ; 0000 0027 int i=0;
                 ; 0000 0028 int j=0;
                 ; 0000 0029 int k=0;
                 ; 0000 002A // Input/Output Ports initialization
                 ; 0000 002B // Port A initialization
                 ; 0000 002C // Func7=In Func6=In Func5=In Func4=In Func3=In Func2=In Func1=In Func0=In
                 ; 0000 002D // State7=T State6=T State5=T State4=T State3=T State2=T State1=T State0=T
                 ; 0000 002E 
                 ; 0000 002F DDRA=0b01111111;
000071 97a4      	SBIW R28,36
000072 e284      	LDI  R24,36
000073 e0a0      	LDI  R26,LOW(0)
000074 e0b0      	LDI  R27,HIGH(0)
000075 e5e4      	LDI  R30,LOW(_0x3*2)
000076 e0f0      	LDI  R31,HIGH(_0x3*2)
000077 940e 0160 	CALL __INITLOCB
                 ;	arr -> Y+20
                 ;	arr1 -> Y+0
                 ;	i -> R16,R17
                 ;	j -> R18,R19
                 ;	k -> R20,R21
                +
000079 e000     +LDI R16 , LOW ( 0 )
00007a e010     +LDI R17 , HIGH ( 0 )
                 	__GETWRN 16,17,0
                +
00007b e020     +LDI R18 , LOW ( 0 )
00007c e030     +LDI R19 , HIGH ( 0 )
                 	__GETWRN 18,19,0
                +
00007d e040     +LDI R20 , LOW ( 0 )
00007e e050     +LDI R21 , HIGH ( 0 )
                 	__GETWRN 20,21,0
00007f e7ef      	LDI  R30,LOW(127)
000080 bbea      	OUT  0x1A,R30
                 ; 0000 0030 
                 ; 0000 0031 // Port B initialization
                 ; 0000 0032 // Func7=In Func6=In Func5=In Func4=In Func3=In Func2=In Func1=In Func0=In
                 ; 0000 0033 // State7=T State6=T State5=T State4=T State3=T State2=T State1=T State0=T
                 ; 0000 0034 
                 ; 0000 0035 DDRB=0x00;
000081 e0e0      	LDI  R30,LOW(0)
000082 bbe7      	OUT  0x17,R30
                 ; 0000 0036 
                 ; 0000 0037 // Port C initialization
                 ; 0000 0038 // Func7=In Func6=In Func5=In Func4=In Func3=In Func2=In Func1=In Func0=In
                 ; 0000 0039 // State7=T State6=T State5=T State4=T State3=T State2=T State1=T State0=T
                 ; 0000 003A 
                 ; 0000 003B DDRC=0b11111111;
000083 efef      	LDI  R30,LOW(255)
000084 bbe4      	OUT  0x14,R30
                 ; 0000 003C 
                 ; 0000 003D // Port D initialization
                 ; 0000 003E // Func7=In Func6=In Func5=In Func4=In Func3=In Func2=In Func1=In Func0=In
                 ; 0000 003F // State7=T State6=T State5=T State4=T State3=T State2=T State1=T State0=T
                 ; 0000 0040 
                 ; 0000 0041 DDRD=0b00000011;
000085 e0e3      	LDI  R30,LOW(3)
000086 bbe1      	OUT  0x11,R30
                 ; 0000 0042 // Timer/Counter 0 initialization
                 ; 0000 0043 // Clock source: System Clock
                 ; 0000 0044 // Clock value: Timer 0 Stopped
                 ; 0000 0045 // Mode: Normal top=0xFF
                 ; 0000 0046 // OC0 output: Disconnected
                 ; 0000 0047 TCCR0=0x00;
000087 e0e0      	LDI  R30,LOW(0)
000088 bfe3      	OUT  0x33,R30
                 ; 0000 0048 TCNT0=0x00;
000089 bfe2      	OUT  0x32,R30
                 ; 0000 0049 OCR0=0x00;
00008a bfec      	OUT  0x3C,R30
                 ; 0000 004A 
                 ; 0000 004B // Timer/Counter 1 initialization
                 ; 0000 004C // Clock source: System Clock
                 ; 0000 004D // Clock value: Timer1 Stopped
                 ; 0000 004E // Mode: Normal top=0xFFFF
                 ; 0000 004F // OC1A output: Discon.
                 ; 0000 0050 // OC1B output: Discon.
                 ; 0000 0051 // Noise Canceler: Off
                 ; 0000 0052 // Input Capture on Falling Edge
                 ; 0000 0053 // Timer1 Overflow Interrupt: Off
                 ; 0000 0054 // Input Capture Interrupt: Off
                 ; 0000 0055 // Compare A Match Interrupt: Off
                 ; 0000 0056 // Compare B Match Interrupt: Off
                 ; 0000 0057 TCCR1A=0x00;
00008b bdef      	OUT  0x2F,R30
                 ; 0000 0058 TCCR1B=0x00;
00008c bdee      	OUT  0x2E,R30
                 ; 0000 0059 TCNT1H=0x00;
00008d bded      	OUT  0x2D,R30
                 ; 0000 005A TCNT1L=0x00;
00008e bdec      	OUT  0x2C,R30
                 ; 0000 005B ICR1H=0x00;
00008f bde7      	OUT  0x27,R30
                 ; 0000 005C ICR1L=0x00;
000090 bde6      	OUT  0x26,R30
                 ; 0000 005D OCR1AH=0x00;
000091 bdeb      	OUT  0x2B,R30
                 ; 0000 005E OCR1AL=0x00;
000092 bdea      	OUT  0x2A,R30
                 ; 0000 005F OCR1BH=0x00;
000093 bde9      	OUT  0x29,R30
                 ; 0000 0060 OCR1BL=0x00;
000094 bde8      	OUT  0x28,R30
                 ; 0000 0061 
                 ; 0000 0062 // Timer/Counter 2 initialization
                 ; 0000 0063 // Clock source: System Clock
                 ; 0000 0064 // Clock value: Timer2 Stopped
                 ; 0000 0065 // Mode: Normal top=0xFF
                 ; 0000 0066 // OC2 output: Disconnected
                 ; 0000 0067 ASSR=0x00;
000095 bde2      	OUT  0x22,R30
                 ; 0000 0068 TCCR2=0x00;
000096 bde5      	OUT  0x25,R30
                 ; 0000 0069 TCNT2=0x00;
000097 bde4      	OUT  0x24,R30
                 ; 0000 006A OCR2=0x00;
000098 bde3      	OUT  0x23,R30
                 ; 0000 006B 
                 ; 0000 006C // External Interrupt(s) initialization
                 ; 0000 006D // INT0: Off
                 ; 0000 006E // INT1: Off
                 ; 0000 006F // INT2: Off
                 ; 0000 0070 MCUCR=0x00;
000099 bfe5      	OUT  0x35,R30
                 ; 0000 0071 MCUCSR=0x00;
00009a bfe4      	OUT  0x34,R30
                 ; 0000 0072 
                 ; 0000 0073 // Timer(s)/Counter(s) Interrupt(s) initialization
                 ; 0000 0074 TIMSK=0x00;
00009b bfe9      	OUT  0x39,R30
                 ; 0000 0075 
                 ; 0000 0076 // USART initialization
                 ; 0000 0077 // USART disabled
                 ; 0000 0078 UCSRB=0x00;
00009c b9ea      	OUT  0xA,R30
                 ; 0000 0079 
                 ; 0000 007A // Analog Comparator initialization
                 ; 0000 007B // Analog Comparator: Off
                 ; 0000 007C // Analog Comparator Input Capture by Timer/Counter 1: Off
                 ; 0000 007D ACSR=0x80;
00009d e8e0      	LDI  R30,LOW(128)
00009e b9e8      	OUT  0x8,R30
                 ; 0000 007E SFIOR=0x00;
00009f e0e0      	LDI  R30,LOW(0)
0000a0 bfe0      	OUT  0x30,R30
                 ; 0000 007F 
                 ; 0000 0080 // ADC initialization
                 ; 0000 0081 // ADC disabled
                 ; 0000 0082 ADCSRA=0x00;
0000a1 b9e6      	OUT  0x6,R30
                 ; 0000 0083 
                 ; 0000 0084 // SPI initialization
                 ; 0000 0085 // SPI disabled
                 ; 0000 0086 SPCR=0x00;
0000a2 b9ed      	OUT  0xD,R30
                 ; 0000 0087 
                 ; 0000 0088 // TWI initialization
                 ; 0000 0089 // TWI disabled
                 ; 0000 008A TWCR=0x00;
0000a3 bfe6      	OUT  0x36,R30
                 ; 0000 008B 
                 ; 0000 008C // Alphanumeric LCD initialization
                 ; 0000 008D // Connections specified in the
                 ; 0000 008E // Project|Configure|C Compiler|Libraries|Alphanumeric LCD menu:
                 ; 0000 008F // RS - PORTB Bit 0
                 ; 0000 0090 // RD - PORTB Bit 1
                 ; 0000 0091 // EN - PORTB Bit 2
                 ; 0000 0092 // D4 - PORTB Bit 4
                 ; 0000 0093 // D5 - PORTB Bit 5
                 ; 0000 0094 // D6 - PORTB Bit 6
                 ; 0000 0095 // D7 - PORTB Bit 7
                 ; 0000 0096 // Characters/line: 8
                 ; 0000 0097 lcd_init(16);
0000a4 e1e0      	LDI  R30,LOW(16)
0000a5 93ea      	ST   -Y,R30
0000a6 d06d      	RCALL _lcd_init
                 ; 0000 0098 
                 ; 0000 0099 while (1)
                 _0x4:
                 ; 0000 009A       { PINA.7=1;
0000a7 9acf      	SBI  0x19,7
                 ; 0000 009B 
                 ; 0000 009C       PORTD=0b00000000;
0000a8 e0e0      	LDI  R30,LOW(0)
0000a9 bbe2      	OUT  0x12,R30
                 ; 0000 009D         if(PINA.7==0)
0000aa 99cf      	SBIC 0x19,7
0000ab c01c      	RJMP _0x9
                 ; 0000 009E         {
                 ; 0000 009F         if(i<3)
                +
0000ac 3003     +CPI R16 , LOW ( 3 )
0000ad e0e0     +LDI R30 , HIGH ( 3 )
0000ae 071e     +CPC R17 , R30
                 	__CPWRN 16,17,3
0000af f4c4      	BRGE _0xA
                 ; 0000 00A0          {
                 ; 0000 00A1             PORTA=arr[i++];
0000b0 01f8      	MOVW R30,R16
                +
0000b1 5f0f     +SUBI R16 , LOW ( - 1 )
0000b2 4f1f     +SBCI R17 , HIGH ( - 1 )
                 	__ADDWRN 16,17,1
0000b3 01de      	MOVW R26,R28
0000b4 9654      	ADIW R26,20
0000b5 0fee      	LSL  R30
0000b6 1fff      	ROL  R31
0000b7 0fae      	ADD  R26,R30
0000b8 1fbf      	ADC  R27,R31
0000b9 91ec      	LD   R30,X
0000ba bbeb      	OUT  0x1B,R30
                 ; 0000 00A2             PORTC=arr1[j++];
0000bb 01f9      	MOVW R30,R18
                +
0000bc 5f2f     +SUBI R18 , LOW ( - 1 )
0000bd 4f3f     +SBCI R19 , HIGH ( - 1 )
                 	__ADDWRN 18,19,1
0000be 01de      	MOVW R26,R28
0000bf 0fee      	LSL  R30
0000c0 1fff      	ROL  R31
0000c1 0fae      	ADD  R26,R30
0000c2 1fbf      	ADC  R27,R31
0000c3 91ec      	LD   R30,X
0000c4 bbe5      	OUT  0x15,R30
                 ; 0000 00A3 
                 ; 0000 00A4 
                 ; 0000 00A5             delay_ms(500);
0000c5 efe4      	LDI  R30,LOW(500)
0000c6 e0f1      	LDI  R31,HIGH(500)
0000c7 d07b      	RCALL SUBOPT_0x0
                 ; 0000 00A6 
                 ; 0000 00A7          }
                 ; 0000 00A8         /* for(k=0;k<11;k++)
                 ; 0000 00A9         {
                 ; 0000 00AA          lcd_gotoxy(k,0);
                 ; 0000 00AB          lcd_puts("Hello");
                 ; 0000 00AC          delay_ms(500);
                 ; 0000 00AD          lcd_clear();
                 ; 0000 00AE         }
                 ; 0000 00AF         for(k=0;k<11;k++)
                 ; 0000 00B0         {
                 ; 0000 00B1          lcd_gotoxy(11-k,0);
                 ; 0000 00B2          lcd_puts("Hello");
                 ; 0000 00B3          delay_ms(500);
                 ; 0000 00B4          lcd_clear();
                 ; 0000 00B5         } */
                 ; 0000 00B6 
                 ; 0000 00B7 
                 ; 0000 00B8         }
                 _0xA:
                 ; 0000 00B9 
                 ; 0000 00BA 
                 ; 0000 00BB 
                 ; 0000 00BC         if(i==3)
                 _0x9:
0000c8 e0e3      	LDI  R30,LOW(3)
0000c9 e0f0      	LDI  R31,HIGH(3)
0000ca 17e0      	CP   R30,R16
0000cb 07f1      	CPC  R31,R17
0000cc f411      	BRNE _0xB
                 ; 0000 00BD         {
                 ; 0000 00BE         i=0;
                +
0000cd e000     +LDI R16 , LOW ( 0 )
0000ce e010     +LDI R17 , HIGH ( 0 )
                 	__GETWRN 16,17,0
                 ; 0000 00BF         }
                 ; 0000 00C0         if(j==10)
                 _0xB:
0000cf e0ea      	LDI  R30,LOW(10)
0000d0 e0f0      	LDI  R31,HIGH(10)
0000d1 17e2      	CP   R30,R18
0000d2 07f3      	CPC  R31,R19
0000d3 f411      	BRNE _0xC
                 ; 0000 00C1         {
                 ; 0000 00C2          j=0;
                +
0000d4 e020     +LDI R18 , LOW ( 0 )
0000d5 e030     +LDI R19 , HIGH ( 0 )
                 	__GETWRN 18,19,0
                 ; 0000 00C3         }
                 ; 0000 00C4 
                 ; 0000 00C5 
                 ; 0000 00C6 
                 ; 0000 00C7 
                 ; 0000 00C8       }
                 _0xC:
0000d6 cfd0      	RJMP _0x4
                 ; 0000 00C9 }
                 _0xD:
0000d7 cfff      	RJMP _0xD
                 	#ifndef __SLEEP_DEFINED__
                 	#endif
                 
                 	.DSEG
                 
                 	.CSEG
                 __lcd_write_nibble_G100:
0000d8 81e8      	LD   R30,Y
0000d9 71e0      	ANDI R30,LOW(0x10)
0000da f011      	BREQ _0x2000004
0000db 9ac4      	SBI  0x18,4
0000dc c001      	RJMP _0x2000005
                 _0x2000004:
0000dd 98c4      	CBI  0x18,4
                 _0x2000005:
0000de 81e8      	LD   R30,Y
0000df 72e0      	ANDI R30,LOW(0x20)
0000e0 f011      	BREQ _0x2000006
0000e1 9ac5      	SBI  0x18,5
0000e2 c001      	RJMP _0x2000007
                 _0x2000006:
0000e3 98c5      	CBI  0x18,5
                 _0x2000007:
0000e4 81e8      	LD   R30,Y
0000e5 74e0      	ANDI R30,LOW(0x40)
0000e6 f011      	BREQ _0x2000008
0000e7 9ac6      	SBI  0x18,6
0000e8 c001      	RJMP _0x2000009
                 _0x2000008:
0000e9 98c6      	CBI  0x18,6
                 _0x2000009:
0000ea 81e8      	LD   R30,Y
0000eb 78e0      	ANDI R30,LOW(0x80)
0000ec f011      	BREQ _0x200000A
0000ed 9ac7      	SBI  0x18,7
0000ee c001      	RJMP _0x200000B
                 _0x200000A:
0000ef 98c7      	CBI  0x18,7
                 _0x200000B:
                +
0000f0 e085     +LDI R24 , LOW ( 5 )
                +__DELAY_USB_LOOP :
0000f1 958a     +DEC R24
0000f2 f7f1     +BRNE __DELAY_USB_LOOP
                 	__DELAY_USB 5
0000f3 9ac2      	SBI  0x18,2
                +
0000f4 e08d     +LDI R24 , LOW ( 13 )
                +__DELAY_USB_LOOP :
0000f5 958a     +DEC R24
0000f6 f7f1     +BRNE __DELAY_USB_LOOP
                 	__DELAY_USB 13
0000f7 98c2      	CBI  0x18,2
                +
0000f8 e08d     +LDI R24 , LOW ( 13 )
                +__DELAY_USB_LOOP :
0000f9 958a     +DEC R24
0000fa f7f1     +BRNE __DELAY_USB_LOOP
                 	__DELAY_USB 13
0000fb c045      	RJMP _0x2020001
                 __lcd_write_data:
0000fc 81e8      	LD   R30,Y
0000fd 93ea      	ST   -Y,R30
0000fe dfd9      	RCALL __lcd_write_nibble_G100
0000ff 81e8          ld    r30,y
000100 95e2          swap  r30
000101 83e8          st    y,r30
000102 81e8      	LD   R30,Y
000103 93ea      	ST   -Y,R30
000104 dfd3      	RCALL __lcd_write_nibble_G100
                +
000105 e885     +LDI R24 , LOW ( 133 )
                +__DELAY_USB_LOOP :
000106 958a     +DEC R24
000107 f7f1     +BRNE __DELAY_USB_LOOP
                 	__DELAY_USB 133
000108 c038      	RJMP _0x2020001
                 _lcd_clear:
000109 e0e2      	LDI  R30,LOW(2)
00010a d03c      	RCALL SUBOPT_0x1
00010b e0ec      	LDI  R30,LOW(12)
00010c 93ea      	ST   -Y,R30
00010d dfee      	RCALL __lcd_write_data
00010e e0e1      	LDI  R30,LOW(1)
00010f d037      	RCALL SUBOPT_0x1
000110 e0e0      	LDI  R30,LOW(0)
000111 2e4e      	MOV  R4,R30
000112 2e5e      	MOV  R5,R30
000113 9508      	RET
                 _lcd_init:
000114 9abc      	SBI  0x17,4
000115 9abd      	SBI  0x17,5
000116 9abe      	SBI  0x17,6
000117 9abf      	SBI  0x17,7
000118 9aba      	SBI  0x17,2
000119 9ab8      	SBI  0x17,0
00011a 9ab9      	SBI  0x17,1
00011b 98c2      	CBI  0x18,2
00011c 98c0      	CBI  0x18,0
00011d 98c1      	CBI  0x18,1
00011e 8078      	LDD  R7,Y+0
00011f 81e8      	LD   R30,Y
000120 58e0      	SUBI R30,-LOW(128)
                +
000121 93e0 0262+STS __base_y_G100 + ( 2 ) , R30
                 	__PUTB1MN __base_y_G100,2
000123 81e8      	LD   R30,Y
000124 54e0      	SUBI R30,-LOW(192)
                +
000125 93e0 0263+STS __base_y_G100 + ( 3 ) , R30
                 	__PUTB1MN __base_y_G100,3
000127 e1e4      	LDI  R30,LOW(20)
000128 e0f0      	LDI  R31,HIGH(20)
000129 d019      	RCALL SUBOPT_0x0
00012a d021      	RCALL SUBOPT_0x2
00012b d020      	RCALL SUBOPT_0x2
00012c d01f      	RCALL SUBOPT_0x2
00012d e2e0      	LDI  R30,LOW(32)
00012e 93ea      	ST   -Y,R30
00012f dfa8      	RCALL __lcd_write_nibble_G100
                +
000130 ec88     +LDI R24 , LOW ( 200 )
000131 e090     +LDI R25 , HIGH ( 200 )
                +__DELAY_USW_LOOP :
000132 9701     +SBIW R24 , 1
000133 f7f1     +BRNE __DELAY_USW_LOOP
                 	__DELAY_USW 200
000134 e2e8      	LDI  R30,LOW(40)
000135 93ea      	ST   -Y,R30
000136 dfc5      	RCALL __lcd_write_data
000137 e0e4      	LDI  R30,LOW(4)
000138 93ea      	ST   -Y,R30
000139 dfc2      	RCALL __lcd_write_data
00013a e8e5      	LDI  R30,LOW(133)
00013b 93ea      	ST   -Y,R30
00013c dfbf      	RCALL __lcd_write_data
00013d e0e6      	LDI  R30,LOW(6)
00013e 93ea      	ST   -Y,R30
00013f dfbc      	RCALL __lcd_write_data
000140 dfc8      	RCALL _lcd_clear
                 _0x2020001:
000141 9621      	ADIW R28,1
000142 9508      	RET
                 
                 	.DSEG
                 __base_y_G100:
000260           	.BYTE 0x4
                 
                 	.CSEG
                 ;OPTIMIZER ADDED SUBROUTINE, CALLED 4 TIMES, CODE SIZE REDUCTION:3 WORDS
                 SUBOPT_0x0:
000143 93fa      	ST   -Y,R31
000144 93ea      	ST   -Y,R30
000145 940c 0154 	JMP  _delay_ms
                 
                 ;OPTIMIZER ADDED SUBROUTINE, CALLED 2 TIMES, CODE SIZE REDUCTION:2 WORDS
                 SUBOPT_0x1:
000147 93ea      	ST   -Y,R30
000148 dfb3      	RCALL __lcd_write_data
000149 e0e3      	LDI  R30,LOW(3)
00014a e0f0      	LDI  R31,HIGH(3)
00014b cff7      	RJMP SUBOPT_0x0
                 
                 ;OPTIMIZER ADDED SUBROUTINE, CALLED 3 TIMES, CODE SIZE REDUCTION:9 WORDS
                 SUBOPT_0x2:
00014c e3e0      	LDI  R30,LOW(48)
00014d 93ea      	ST   -Y,R30
00014e df89      	RCALL __lcd_write_nibble_G100
                +
00014f ec88     +LDI R24 , LOW ( 200 )
000150 e090     +LDI R25 , HIGH ( 200 )
                +__DELAY_USW_LOOP :
000151 9701     +SBIW R24 , 1
000152 f7f1     +BRNE __DELAY_USW_LOOP
                 	__DELAY_USW 200
000153 9508      	RET
                 
                 
                 	.CSEG
                 _delay_ms:
000154 91e9      	ld   r30,y+
000155 91f9      	ld   r31,y+
000156 9630      	adiw r30,0
000157 f039      	breq __delay_ms1
                 __delay_ms0:
                +
000158 ed80     +LDI R24 , LOW ( 0x7D0 )
000159 e097     +LDI R25 , HIGH ( 0x7D0 )
                +__DELAY_USW_LOOP :
00015a 9701     +SBIW R24 , 1
00015b f7f1     +BRNE __DELAY_USW_LOOP
                 	__DELAY_USW 0x7D0
00015c 95a8      	wdr
00015d 9731      	sbiw r30,1
00015e f7c9      	brne __delay_ms0
                 __delay_ms1:
00015f 9508      	ret
                 
                 __INITLOCB:
                 __INITLOCW:
000160 0fac      	ADD  R26,R28
000161 1fbd      	ADC  R27,R29
                 __INITLOC0:
000162 9005      	LPM  R0,Z+
000163 920d      	ST   X+,R0
000164 958a      	DEC  R24
000165 f7e1      	BRNE __INITLOC0
000166 9508      	RET
                 
                 ;END OF CODE MARKER
                 __END_OF_CODE:


RESOURCE USE INFORMATION
------------------------

Notice:
The register and instruction counts are symbol table hit counts,
and hence implicitly used resources are not counted, eg, the
'lpm' instruction without operands implicitly uses r0 and z,
none of which are counted.

x,y,z are separate entities in the symbol table and are
counted separately from r26..r31 here.

.dseg memory usage only counts static data declared with .byte

ATmega32 register use summary:
r0 :   6 r1 :   1 r2 :   0 r3 :   0 r4 :   1 r5 :   1 r6 :   0 r7 :   1 
r8 :   0 r9 :   0 r10:   0 r11:   0 r12:   0 r13:   0 r14:   0 r15:   0 
r16:   6 r17:   5 r18:   5 r19:   4 r20:   1 r21:   1 r22:   2 r23:   0 
r24:  23 r25:   5 r26:  10 r27:   6 r28:   6 r29:   2 r30: 121 r31:  19 
x  :   6 y  :  26 z  :   8 
Registers used: 23 out of 35 (65.7%)

ATmega32 instruction use summary:
.lds  :   0 .lds.l:   0 .sts  :   0 .sts.l:   0 adc   :   3 add   :   3 
adiw  :   3 and   :   0 andi  :   4 asr   :   0 bclr  :   0 bld   :   0 
brbc  :   0 brbs  :   0 brcc  :   0 brcs  :   0 break :   0 breq  :   6 
brge  :   1 brhc  :   0 brhs  :   0 brid  :   0 brie  :   0 brlo  :   0 
brlt  :   0 brmi  :   0 brne  :  14 brpl  :   0 brsh  :   0 brtc  :   0 
brts  :   0 brvc  :   0 brvs  :   0 bset  :   0 bst   :   0 call  :   1 
cbi   :   8 cbr   :   0 clc   :   0 clh   :   0 cli   :   1 cln   :   0 
clr   :   2 cls   :   0 clt   :   0 clv   :   0 clz   :   0 com   :   0 
cp    :   2 cpc   :   3 cpi   :   1 cpse  :   0 dec   :   6 des   :   0 
eor   :   0 fmul  :   0 fmuls :   0 fmulsu:   0 icall :   0 ijmp  :   0 
in    :   0 inc   :   0 jmp   :  23 ld    :  13 ldd   :   1 ldi   :  68 
lds   :   0 lpm   :   8 lsl   :   2 lsr   :   0 mov   :   2 movw  :   7 
mul   :   0 muls  :   0 mulsu :   0 neg   :   0 nop   :   0 or    :   0 
ori   :   0 out   :  41 pop   :   0 push  :   0 rcall :  19 ret   :   5 
reti  :   0 rjmp  :  11 rol   :   2 ror   :   0 sbc   :   0 sbci  :   2 
sbi   :  13 sbic  :   1 sbis  :   0 sbiw  :   8 sbr   :   0 sbrc  :   0 
sbrs  :   0 sec   :   0 seh   :   0 sei   :   0 sen   :   0 ser   :   0 
ses   :   0 set   :   0 sev   :   0 sez   :   0 sleep :   0 spm   :   0 
st    :  18 std   :   0 sts   :   2 sub   :   0 subi  :   4 swap  :   1 
tst   :   0 wdr   :   1 
Instructions used: 37 out of 116 (31.9%)

ATmega32 memory use summary [bytes]:
Segment   Begin    End      Code   Data   Used    Size   Use%
---------------------------------------------------------------
[.cseg] 0x000000 0x0002ce    672     46    718   32768   2.2%
[.dseg] 0x000060 0x000264      0      4      4    2143   0.2%
[.eseg] 0x000000 0x000000      0      0      0    1024   0.0%

Assembly complete, 0 errors, 3 warnings
